
> vite_react_shadcn_ts@0.0.0 build
> vite build

[36mvite v5.4.21 [32mbuilding for production...[36m[39m
transforming...
node.exe : 
Browserslist: 
browsers data 
(caniuse-lite) is 9 
months old. Please 
run:
At line:1 char:1
+ & "C:\Program Files\
nodejs/node.exe" 
"C:\Program 
Files\nodejs/node_mo 
...
+ ~~~~~~~~~~~~~~~~~~~~
~~~~~~~~~~~~~~~~~~~~~~
~~~~~~~~~~~~~~~~~~~~~~
~~~~~
    + CategoryInfo    
          : NotSpeci  
  fied: (Browsersli   
 st: b...ld. Pleas    
e run::String) []    
, RemoteException
    + FullyQualifiedE 
   rrorId : NativeCo  
  mmandError
 
  npx update-browsersl
ist-db@latest
  Why you should do 
it regularly: https://
github.com/browserslis
t/update-db#readme

/fonts/SugoPro-Regular
.woff2 referenced in /
fonts/SugoPro-Regular.
woff2 didn't resolve 
at build time, it 
will remain unchanged 
to be resolved at 
runtime

/fonts/soria-font.woff
2 referenced in /fonts
/soria-font.woff2 
didn't resolve at 
build time, it will 
remain unchanged to 
be resolved at runtime
[32mтЬУ[39m 1647 modules transformed.
[31mx[39m Build 
failed in 2.67s
[31merror during 
build:
[31m[vite:asset] 
Could not load C:\User
s\user\Documents\GitHu
b\booktopia-foundation
\src/assets/booktopia-
logo.jpg (imported by 
src/pages/About.tsx): 
ENOENT: no such file 
or directory, open 'C:
\Users\user\Documents\
GitHub\booktopia-found
ation\src\assets\bookt
opia-logo.jpg'[31m
    at async open (nod
e:internal/fs/promises
:642:25)
    at async 
Object.readFile (node:
internal/fs/promises:1
279:14)
    at async 
fileToBuiltUrl (file:/
//C:/Users/user/Docume
nts/GitHub/booktopia-f
oundation/node_modules
/vite/dist/node/chunks
/dep-BK3b2jBa.js:20428
:19)
    at async 
Object.load (file:///C
:/Users/user/Documents
/GitHub/booktopia-foun
dation/node_modules/vi
te/dist/node/chunks/de
p-BK3b2jBa.js:20328:17
)
    at async PluginDri
ver.hookFirstAndGetPlu
gin (file:///C:/Users/
user/Documents/GitHub/
booktopia-foundation/n
ode_modules/rollup/dis
t/es/shared/node-entry
.js:20630:28)
    at async file:///C
:/Users/user/Documents
/GitHub/booktopia-foun
dation/node_modules/ro
llup/dist/es/shared/no
de-entry.js:19750:33
    at async 
Queue.work (file:///C:
/Users/user/Documents/
GitHub/booktopia-found
ation/node_modules/rol
lup/dist/es/shared/nod
e-entry.js:20840:32)[
39m
